// Jest Snapshot v1, https://goo.gl/fbAQLP

exports[`<Container /> renders correctly 1`] = `
<Text
  style={
    Array [
      Array [
        Object {
          "fontSize": 16,
          "letterSpacing": -0.28,
          "lineHeight": 24,
        },
        Object {
          "color": "#a9aebe",
          "marginBottom": 0,
        },
      ],
      undefined,
    ]
  }
>
  Text
</Text>
`;
